
> tmp-app@0.1.0 build
> next build

Γû▓ Next.js 16.1.6 (Turbopack)
- Environments: .env.local
- Experiments (use with caution):
  ┬╖ serverActions

  Creating an optimized production build ...
npm : 
At line:1 char:1
+ npm run build > build_output.log 2>&1
+ ~~~~~~~~~~~~~~~~~~~~~~~~~~~~~~~~~~~~~
    + CategoryInfo          : NotSpecified: (:String) [], RemoteException
    + FullyQualifiedErrorId : NativeCommandError
 
> Build error occurred
Error: Turbopack build failed with 1 errors:
./src/components/editor/SettingsPanel.tsx:1025:10
Parsing ecmascript source code failed
[0m [90m 1023 |[39m                 [33m<[39m[33m/[39m[33mdiv[39m[33m>[39m
 [90m 1024 |[39m             [33m<[39m[33m/[39m[33mdiv[39m[33m>[39m
[31m[1m>[22m[39m[90m 1025 |[39m         [33m<[39m[33m/[39m[33mdiv[39m[33m>[39m
 [90m      |[39m          
[31m[1m^[22m[39m[31m[1m^[22m[39m[31m[1m^[22m[39m[31m[1m^[22m[39m[31m[1m^[22m[39m
 [90m 1026 |[39m     )[33m;[39m
 [90m 1027 |[39m }
 [90m 1028 |[39m[0m

Unterminated regexp literal

Import traces:
  Client Component Browser:
    ./src/components/editor/SettingsPanel.tsx [Client Component Browser]
    ./src/components/editor/BlockPanel.tsx [Client Component Browser]
    ./src/app/(dashboard)/email/templates/editor/[id]/page.tsx [Client Component Browser]
    ./src/app/(dashboard)/email/templates/editor/[id]/page.tsx [Server Component]

  Client Component SSR:
    ./src/components/editor/SettingsPanel.tsx [Client Component SSR]
    ./src/components/editor/BlockPanel.tsx [Client Component SSR]
    ./src/app/(dashboard)/email/templates/editor/[id]/page.tsx [Client Component SSR]
    ./src/app/(dashboard)/email/templates/editor/[id]/page.tsx [Server Component]


    at <unknown> (./src/components/editor/SettingsPanel.tsx:1025:10)
