src/app/api/send-test-email/route.ts(3,33): error TS2307: Cannot find module '@/lib/renderEmailHtml' or its corresponding type declarations.
